stm32f4xx_ll_spi.h:298:22:LL_SPI_Enable	16	static
stm32f4xx_ll_spi.h:366:22:LL_SPI_SetStandard	16	static
stm32f4xx_ll_spi.h:732:26:LL_SPI_IsActiveFlag_RXNE	16	static
stm32f4xx_ll_spi.h:743:26:LL_SPI_IsActiveFlag_TXE	16	static
stm32f4xx_ll_spi.h:1076:25:LL_SPI_ReceiveData8	16	static
stm32f4xx_ll_spi.h:1099:22:LL_SPI_TransmitData8	24	static
stm32f4xx_ll_gpio.h:802:26:LL_GPIO_IsInputPinSet	16	static
stm32f4xx_ll_gpio.h:883:22:LL_GPIO_SetOutputPin	16	static
stm32f4xx_ll_gpio.h:912:22:LL_GPIO_ResetOutputPin	16	static
stm32f4xx_ll_bus.h:411:22:LL_AHB1_GRP1_EnableClock	24	static
stm32f4xx_ll_bus.h:1187:22:LL_APB1_GRP1_EnableClock	24	static
BNO080.c:79:6:BNO080_GPIO_SPI_Initialization	72	static
BNO080.c:164:5:BNO080_Initialization	16	static
BNO080.c:215:15:SPI2_SendByte	16	static
BNO080.c:231:5:BNO080_dataAvailable	8	static
BNO080.c:274:6:BNO080_parseCommandReport	16	static
BNO080.c:310:6:BNO080_parseInputReport	32	static
BNO080.c:426:7:BNO080_getQuatI	8	static
BNO080.c:432:7:BNO080_getQuatJ	8	static
BNO080.c:438:7:BNO080_getQuatK	8	static
BNO080.c:444:7:BNO080_getQuatReal	8	static
BNO080.c:450:7:BNO080_getQuatRadianAccuracy	8	static
BNO080.c:456:9:BNO080_getQuatAccuracy	4	static
BNO080.c:462:7:BNO080_getAccelX	8	static
BNO080.c:468:7:BNO080_getAccelY	8	static
BNO080.c:474:7:BNO080_getAccelZ	8	static
BNO080.c:480:9:BNO080_getAccelAccuracy	4	static
BNO080.c:488:7:BNO080_getLinAccelX	8	static
BNO080.c:494:7:BNO080_getLinAccelY	8	static
BNO080.c:500:7:BNO080_getLinAccelZ	8	static
BNO080.c:506:9:BNO080_getLinAccelAccuracy	4	static
BNO080.c:512:7:BNO080_getGyroX	8	static
BNO080.c:518:7:BNO080_getGyroY	8	static
BNO080.c:524:7:BNO080_getGyroZ	8	static
BNO080.c:530:9:BNO080_getGyroAccuracy	4	static
BNO080.c:536:7:BNO080_getMagX	8	static
BNO080.c:542:7:BNO080_getMagY	8	static
BNO080.c:548:7:BNO080_getMagZ	8	static
BNO080.c:554:9:BNO080_getMagAccuracy	4	static
BNO080.c:560:10:BNO080_getStepCount	4	static
BNO080.c:566:9:BNO080_getStabilityClassifier	4	static
BNO080.c:572:9:BNO080_getActivityClassifier	4	static
BNO080.c:578:10:BNO080_getTimeStamp	4	static
BNO080.c:585:9:BNO080_getQ1	16	static
BNO080.c:593:9:BNO080_getQ2	16	static
BNO080.c:601:9:BNO080_getQ3	16	static
BNO080.c:608:7:BNO080_getResolution	24	static
BNO080.c:621:7:BNO080_getRange	24	static
BNO080.c:636:10:BNO080_readFRSword	16	static
BNO080.c:646:6:BNO080_frsReadRequest	16	static
BNO080.c:664:5:BNO080_readFRSdata	32	static
BNO080.c:725:6:BNO080_softReset	8	static
BNO080.c:741:9:BNO080_resetReason	8	static
BNO080.c:763:7:BNO080_qToFloat	24	static
BNO080.c:769:6:BNO080_enableRotationVector	16	static
BNO080.c:775:6:BNO080_enableGameRotationVector	16	static
BNO080.c:781:6:BNO080_enableAccelerometer	16	static
BNO080.c:787:6:BNO080_enableLinearAccelerometer	16	static
BNO080.c:793:6:BNO080_enableGyro	16	static
BNO080.c:799:6:BNO080_enableMagnetometer	16	static
BNO080.c:805:6:BNO080_enableStepCounter	16	static
BNO080.c:811:6:BNO080_enableStabilityClassifier	16	static
BNO080.c:817:6:BNO080_calibrateAccelerometer	8	static
BNO080.c:823:6:BNO080_calibrateGyro	8	static
BNO080.c:829:6:BNO080_calibrateMagnetometer	8	static
BNO080.c:835:6:BNO080_calibratePlanarAccelerometer	8	static
BNO080.c:841:6:BNO080_calibrateAll	8	static
BNO080.c:846:6:BNO080_endCalibration	8	static
BNO080.c:853:5:BNO080_calibrationComplete	4	static
BNO080.c:862:6:BNO080_setFeatureCommand	24	static
BNO080.c:889:6:BNO080_sendCommand	16	static
BNO080.c:912:6:BNO080_sendCalibrateCommand	24	static
BNO080.c:953:6:BNO080_requestCalibrationStatus	16	static
BNO080.c:976:6:BNO080_saveCalibration	16	static
BNO080.c:998:5:BNO080_waitForSPI	16	static
BNO080.c:1016:5:BNO080_receivePacket	24	static
BNO080.c:1073:5:BNO080_sendPacket	24	static
