stm32f4xx_ll_spi.h:298:22:LL_SPI_Enable	16	static
stm32f4xx_ll_spi.h:366:22:LL_SPI_SetStandard	16	static
stm32f4xx_ll_spi.h:732:26:LL_SPI_IsActiveFlag_RXNE	16	static
stm32f4xx_ll_spi.h:743:26:LL_SPI_IsActiveFlag_TXE	16	static
stm32f4xx_ll_spi.h:1076:25:LL_SPI_ReceiveData8	16	static
stm32f4xx_ll_spi.h:1099:22:LL_SPI_TransmitData8	24	static
stm32f4xx_ll_gpio.h:802:26:LL_GPIO_IsInputPinSet	16	static
stm32f4xx_ll_gpio.h:883:22:LL_GPIO_SetOutputPin	16	static
stm32f4xx_ll_gpio.h:912:22:LL_GPIO_ResetOutputPin	16	static
stm32f4xx_ll_bus.h:411:22:LL_AHB1_GRP1_EnableClock	24	static
stm32f4xx_ll_bus.h:1187:22:LL_APB1_GRP1_EnableClock	24	static
LPS22HH.c:34:6:LPS22HH_GPIO_SPI_Initialization	72	static
LPS22HH.c:96:15:SPI3_SendByte	16	static
LPS22HH.c:107:9:LPS22HH_Readbyte	24	static
LPS22HH.c:119:6:LPS22HH_Readbytes	32	static
LPS22HH.c:132:6:LPS22HH_Writebyte	16	static
LPS22HH.c:140:6:LPS22HH_Writebytes	24	static
LPS22HH.c:155:5:LPS22HH_Initialization	16	static
LPS22HH.c:229:5:LPS22HH_DataReady	8	static
LPS22HH.c:234:6:LPS22HH_GetPressure	16	static
LPS22HH.c:239:6:LPS22HH_GetTemperature	16	static
LPS22HH.c:246:7:getAltitude1	16	static
LPS22HH.c:251:7:getAltitude2	16	static
