stm32f4xx_ll_usart.h:1791:26:LL_USART_IsActiveFlag_RXNE	16	static
stm32f4xx_ll_usart.h:1978:22:LL_USART_ClearFlag_RXNE	16	static
stm32f4xx_ll_usart.h:2402:25:LL_USART_ReceiveData8	16	static
stm32f4xx_it.c:83:6:NMI_Handler	4	static
stm32f4xx_it.c:96:6:HardFault_Handler	4	static
stm32f4xx_it.c:111:6:MemManage_Handler	4	static
stm32f4xx_it.c:126:6:BusFault_Handler	4	static
stm32f4xx_it.c:141:6:UsageFault_Handler	4	static
stm32f4xx_it.c:156:6:SVC_Handler	4	static
stm32f4xx_it.c:169:6:DebugMon_Handler	4	static
stm32f4xx_it.c:182:6:PendSV_Handler	4	static
stm32f4xx_it.c:195:6:SysTick_Handler	8	static
stm32f4xx_it.c:216:6:UART4_IRQHandler	8	static
stm32f4xx_it.c:262:6:UART5_IRQHandler	8	static
stm32f4xx_it.c:310:6:USART6_IRQHandler	8	static
